\BOOKMARK [1][-]{section.1}{\376\377\000F\000u\000n\000c\000i\000o\000n\000e\000s\000\040\000R\000e\000c\000u\000r\000s\000i\000v\000a\000s}{}% 1
\BOOKMARK [2][-]{subsection.1.1}{\376\377\000E\000x\000p\000l\000i\000c\000a\000c\000i\000\363\000n\000\040\000T\000\351\000c\000n\000i\000c\000a}{section.1}% 2
\BOOKMARK [2][-]{subsection.1.2}{\376\377\000D\000i\000a\000g\000r\000a\000m\000a\000\040\000d\000e\000\040\000\301\000r\000b\000o\000l\000\040\000d\000e\000\040\000L\000l\000a\000m\000a\000d\000a\000s}{section.1}% 3
\BOOKMARK [2][-]{subsection.1.3}{\376\377\000E\000j\000e\000m\000p\000l\000o\000\040\000y\000\040\000C\000o\000m\000p\000l\000e\000j\000i\000d\000a\000d}{section.1}% 4
\BOOKMARK [2][-]{subsection.1.4}{\376\377\000E\000j\000e\000r\000c\000i\000c\000i\000o\000\040\000d\000e\000\040\000P\000r\000\341\000c\000t\000i\000c\000a\000\040\000e\000n\000\040\000L\000e\000e\000t\000C\000o\000d\000e}{section.1}% 5
\BOOKMARK [1][-]{section.2}{\376\377\000M\000e\000m\000o\000i\000z\000a\000c\000i\000\363\000n}{}% 6
\BOOKMARK [2][-]{subsection.2.1}{\376\377\000E\000x\000p\000l\000i\000c\000a\000c\000i\000\363\000n\000\040\000T\000\351\000c\000n\000i\000c\000a}{section.2}% 7
\BOOKMARK [2][-]{subsection.2.2}{\376\377\000D\000i\000a\000g\000r\000a\000m\000a\000\040\000d\000e\000\040\000F\000l\000u\000j\000o\000\040\000c\000o\000n\000\040\000C\000a\000c\000h\000\351}{section.2}% 8
\BOOKMARK [2][-]{subsection.2.3}{\376\377\000E\000j\000e\000m\000p\000l\000o\000\040\000y\000\040\000C\000o\000m\000p\000l\000e\000j\000i\000d\000a\000d}{section.2}% 9
\BOOKMARK [2][-]{subsection.2.4}{\376\377\000E\000j\000e\000r\000c\000i\000c\000i\000o\000\040\000d\000e\000\040\000P\000r\000\341\000c\000t\000i\000c\000a\000\040\000e\000n\000\040\000L\000e\000e\000t\000C\000o\000d\000e}{section.2}% 10
\BOOKMARK [1][-]{section.3}{\376\377\000D\000i\000v\000i\000d\000i\000r\000\040\000y\000\040\000C\000o\000n\000q\000u\000i\000s\000t\000a\000r\000\040\000\050\000D\000i\000v\000i\000d\000e\000\040\000a\000n\000d\000\040\000C\000o\000n\000q\000u\000e\000r\000\051}{}% 11
\BOOKMARK [2][-]{subsection.3.1}{\376\377\000E\000x\000p\000l\000i\000c\000a\000c\000i\000\363\000n\000\040\000T\000\351\000c\000n\000i\000c\000a}{section.3}% 12
\BOOKMARK [2][-]{subsection.3.2}{\376\377\000D\000i\000a\000g\000r\000a\000m\000a\000\040\000d\000e\000\040\000C\000o\000m\000p\000o\000n\000e\000n\000t\000e\000s\000\040\000d\000e\000l\000\040\000A\000l\000g\000o\000r\000i\000t\000m\000o}{section.3}% 13
\BOOKMARK [2][-]{subsection.3.3}{\376\377\000E\000j\000e\000m\000p\000l\000o\000\040\000y\000\040\000C\000o\000m\000p\000l\000e\000j\000i\000d\000a\000d}{section.3}% 14
\BOOKMARK [2][-]{subsection.3.4}{\376\377\000E\000j\000e\000r\000c\000i\000c\000i\000o\000\040\000d\000e\000\040\000P\000r\000\341\000c\000t\000i\000c\000a\000\040\000e\000n\000\040\000L\000e\000e\000t\000C\000o\000d\000e}{section.3}% 15
\BOOKMARK [1][-]{section.4}{\376\377\000M\000e\000r\000g\000e\000\040\000S\000o\000r\000t}{}% 16
\BOOKMARK [2][-]{subsection.4.1}{\376\377\000E\000x\000p\000l\000i\000c\000a\000c\000i\000\363\000n\000\040\000T\000\351\000c\000n\000i\000c\000a}{section.4}% 17
\BOOKMARK [2][-]{subsection.4.2}{\376\377\000D\000i\000a\000g\000r\000a\000m\000a\000\040\000d\000e\000\040\000F\000a\000s\000e\000\040\000d\000e\000\040\000D\000i\000v\000i\000s\000i\000\363\000n}{section.4}% 18
\BOOKMARK [2][-]{subsection.4.3}{\376\377\000E\000j\000e\000m\000p\000l\000o\000\040\000y\000\040\000C\000o\000m\000p\000l\000e\000j\000i\000d\000a\000d}{section.4}% 19
\BOOKMARK [2][-]{subsection.4.4}{\376\377\000E\000j\000e\000r\000c\000i\000c\000i\000o\000\040\000d\000e\000\040\000P\000r\000\341\000c\000t\000i\000c\000a\000\040\000e\000n\000\040\000L\000e\000e\000t\000C\000o\000d\000e}{section.4}% 20
\BOOKMARK [1][-]{section.5}{\376\377\000B\000\372\000s\000q\000u\000e\000d\000a\000\040\000B\000i\000n\000a\000r\000i\000a\000\040\000\050\000B\000i\000n\000a\000r\000y\000\040\000S\000e\000a\000r\000c\000h\000\051}{}% 21
\BOOKMARK [2][-]{subsection.5.1}{\376\377\000E\000x\000p\000l\000i\000c\000a\000c\000i\000\363\000n\000\040\000T\000\351\000c\000n\000i\000c\000a}{section.5}% 22
\BOOKMARK [2][-]{subsection.5.2}{\376\377\000D\000i\000a\000g\000r\000a\000m\000a\000\040\000d\000e\000\040\000P\000u\000n\000t\000e\000r\000o\000s}{section.5}% 23
\BOOKMARK [2][-]{subsection.5.3}{\376\377\000E\000j\000e\000m\000p\000l\000o\000\040\000y\000\040\000C\000o\000m\000p\000l\000e\000j\000i\000d\000a\000d}{section.5}% 24
\BOOKMARK [2][-]{subsection.5.4}{\376\377\000E\000j\000e\000r\000c\000i\000c\000i\000o\000\040\000d\000e\000\040\000P\000r\000\341\000c\000t\000i\000c\000a\000\040\000e\000n\000\040\000L\000e\000e\000t\000C\000o\000d\000e}{section.5}% 25
\BOOKMARK [1][-]{section.6}{\376\377\000L\000i\000s\000t\000a\000s\000\040\000E\000n\000l\000a\000z\000a\000d\000a\000s\000\040\000\050\000L\000i\000n\000k\000e\000d\000\040\000L\000i\000s\000t\000s\000\051}{}% 26
\BOOKMARK [2][-]{subsection.6.1}{\376\377\000E\000x\000p\000l\000i\000c\000a\000c\000i\000\363\000n\000\040\000T\000\351\000c\000n\000i\000c\000a}{section.6}% 27
\BOOKMARK [2][-]{subsection.6.2}{\376\377\000D\000i\000a\000g\000r\000a\000m\000a\000\040\000d\000e\000\040\000C\000l\000a\000s\000e\000\040\000y\000\040\000O\000b\000j\000e\000t\000o\000s}{section.6}% 28
\BOOKMARK [2][-]{subsection.6.3}{\376\377\000E\000j\000e\000m\000p\000l\000o\000\040\000y\000\040\000C\000o\000m\000p\000l\000e\000j\000i\000d\000a\000d}{section.6}% 29
\BOOKMARK [2][-]{subsection.6.4}{\376\377\000E\000j\000e\000r\000c\000i\000c\000i\000o\000\040\000d\000e\000\040\000P\000r\000\341\000c\000t\000i\000c\000a\000\040\000e\000n\000\040\000L\000e\000e\000t\000C\000o\000d\000e}{section.6}% 30
